// Jest Snapshot v1, https://goo.gl/fbAQLP

exports[`snapshot test check snapshot against component 1`] = `ShallowWrapper {}`;
